This file contains any messages produced by compilers while
running configure, to aid debugging if configure makes a mistake.

It was created by libpng configure 1.5.15, which was
generated by GNU Autoconf 2.69.  Invocation command line was

  $ ./configure --prefix=/usr/local/libpng

## --------- ##
## Platform. ##
## --------- ##

hostname = Z-OS
uname -m = x86_64
uname -r = 6.11.0-109019-tuxedo
uname -s = Linux
uname -v = #19~24.04.1tux2 SMP PREEMPT_DYNAMIC Mon Feb 17 23:08:54 UTC 2025

/usr/bin/uname -p = x86_64
/bin/uname -X     = unknown

/bin/arch              = x86_64
/usr/bin/arch -k       = unknown
/usr/convex/getsysinfo = unknown
/usr/bin/hostinfo      = unknown
/bin/machine           = unknown
/usr/bin/oslevel       = unknown
/bin/universe          = unknown

PATH: /home/m7/.Applications/blender-4.3.2-linux-x64/
PATH: /home/m7/.local/bin/dart-sass/
PATH: /home/m7/.local/bin/
PATH: /usr/local/go/bin
PATH: /home/m7/.local/bin
PATH: /usr/local/sbin
PATH: /usr/local/bin
PATH: /usr/sbin
PATH: /usr/bin
PATH: /sbin
PATH: /bin
PATH: /usr/games
PATH: /usr/local/games
PATH: /snap/bin
PATH: /home/m7/.dotnet/tools


## ----------- ##
## Core tests. ##
## ----------- ##

configure:2354: checking for a BSD-compatible install
configure:2422: result: /usr/bin/install -c
configure:2433: checking whether build environment is sane
configure:2488: result: yes
configure:2639: checking for a thread-safe mkdir -p
configure:2678: result: /usr/bin/mkdir -p
configure:2685: checking for gawk
configure:2701: found /usr/bin/gawk
configure:2712: result: gawk
configure:2723: checking whether make sets $(MAKE)
configure:2745: result: yes
configure:2774: checking whether make supports nested variables
configure:2791: result: yes
configure:2871: checking whether to enable maintainer-specific portions of Makefiles
configure:2880: result: no
configure:2959: checking for gcc
configure:2975: found /usr/bin/gcc
configure:2986: result: gcc
configure:3215: checking for C compiler version
configure:3224: gcc --version >&5
gcc (Ubuntu 13.3.0-6ubuntu2~24.04) 13.3.0
Copyright (C) 2023 Free Software Foundation, Inc.
This is free software; see the source for copying conditions.  There is NO
warranty; not even for MERCHANTABILITY or FITNESS FOR A PARTICULAR PURPOSE.

configure:3235: $? = 0
configure:3224: gcc -v >&5
Using built-in specs.
COLLECT_GCC=gcc
COLLECT_LTO_WRAPPER=/usr/libexec/gcc/x86_64-linux-gnu/13/lto-wrapper
OFFLOAD_TARGET_NAMES=nvptx-none:amdgcn-amdhsa
OFFLOAD_TARGET_DEFAULT=1
Target: x86_64-linux-gnu
Configured with: ../src/configure -v --with-pkgversion='Ubuntu 13.3.0-6ubuntu2~24.04' --with-bugurl=file:///usr/share/doc/gcc-13/README.Bugs --enable-languages=c,ada,c++,go,d,fortran,objc,obj-c++,m2 --prefix=/usr --with-gcc-major-version-only --program-suffix=-13 --program-prefix=x86_64-linux-gnu- --enable-shared --enable-linker-build-id --libexecdir=/usr/libexec --without-included-gettext --enable-threads=posix --libdir=/usr/lib --enable-nls --enable-bootstrap --enable-clocale=gnu --enable-libstdcxx-debug --enable-libstdcxx-time=yes --with-default-libstdcxx-abi=new --enable-libstdcxx-backtrace --enable-gnu-unique-object --disable-vtable-verify --enable-plugin --enable-default-pie --with-system-zlib --enable-libphobos-checking=release --with-target-system-zlib=auto --enable-objc-gc=auto --enable-multiarch --disable-werror --enable-cet --with-arch-32=i686 --with-abi=m64 --with-multilib-list=m32,m64,mx32 --enable-multilib --with-tune=generic --enable-offload-targets=nvptx-none=/build/gcc-13-fG75Ri/gcc-13-13.3.0/debian/tmp-nvptx/usr,amdgcn-amdhsa=/build/gcc-13-fG75Ri/gcc-13-13.3.0/debian/tmp-gcn/usr --enable-offload-defaulted --without-cuda-driver --enable-checking=release --build=x86_64-linux-gnu --host=x86_64-linux-gnu --target=x86_64-linux-gnu --with-build-config=bootstrap-lto-lean --enable-link-serialization=2
Thread model: posix
Supported LTO compression algorithms: zlib zstd
gcc version 13.3.0 (Ubuntu 13.3.0-6ubuntu2~24.04) 
... rest of stderr output deleted ...
configure:3235: $? = 0
configure:3224: gcc -V >&5
gcc: error: unrecognized command-line option '-V'
gcc: fatal error: no input files
compilation terminated.
configure:3235: $? = 1
configure:3224: gcc -qversion >&5
gcc: error: unrecognized command-line option '-qversion'; did you mean '--version'?
gcc: fatal error: no input files
compilation terminated.
configure:3235: $? = 1
configure:3255: checking whether the C compiler works
configure:3277: gcc    conftest.c  >&5
configure:3281: $? = 0
configure:3329: result: yes
configure:3332: checking for C compiler default output file name
configure:3334: result: a.out
configure:3340: checking for suffix of executables
configure:3347: gcc -o conftest    conftest.c  >&5
configure:3351: $? = 0
configure:3373: result: 
configure:3395: checking whether we are cross compiling
configure:3403: gcc -o conftest    conftest.c  >&5
configure:3407: $? = 0
configure:3414: ./conftest
configure:3418: $? = 0
configure:3433: result: no
configure:3438: checking for suffix of object files
configure:3460: gcc -c   conftest.c >&5
configure:3464: $? = 0
configure:3485: result: o
configure:3489: checking whether we are using the GNU C compiler
configure:3508: gcc -c   conftest.c >&5
configure:3508: $? = 0
configure:3517: result: yes
configure:3526: checking whether gcc accepts -g
configure:3546: gcc -c -g  conftest.c >&5
configure:3546: $? = 0
configure:3587: result: yes
configure:3604: checking for gcc option to accept ISO C89
configure:3667: gcc  -c -g -O2  conftest.c >&5
configure:3667: $? = 0
configure:3680: result: none needed
configure:3711: checking for style of include used by make
configure:3739: result: GNU
configure:3765: checking dependency style of gcc
configure:3876: result: gcc3
configure:3900: checking dependency style of gcc
configure:4009: result: gcc3
configure:4028: checking build system type
configure:4042: result: x86_64-unknown-linux-gnu
configure:4062: checking host system type
configure:4075: result: x86_64-unknown-linux-gnu
configure:4095: checking for a sed that does not truncate output
configure:4159: result: /usr/bin/sed
configure:4177: checking for grep that handles long lines and -e
configure:4235: result: /usr/bin/grep
configure:4240: checking for egrep
configure:4302: result: /usr/bin/grep -E
configure:4307: checking for fgrep
configure:4369: result: /usr/bin/grep -F
configure:4396: checking how to print strings
configure:4423: result: printf
configure:4456: checking for ld used by gcc
configure:4523: result: /usr/bin/ld
configure:4530: checking if the linker (/usr/bin/ld) is GNU ld
configure:4545: result: yes
configure:4562: checking how to run the C preprocessor
configure:4593: gcc -E  conftest.c
configure:4593: $? = 0
configure:4607: gcc -E  conftest.c
conftest.c:11:10: fatal error: ac_nonexistent.h: No such file or directory
   11 | #include <ac_nonexistent.h>
      |          ^~~~~~~~~~~~~~~~~~
compilation terminated.
configure:4607: $? = 1
configure: failed program was:
| /* confdefs.h */
| #define PACKAGE_NAME "libpng"
| #define PACKAGE_TARNAME "libpng"
| #define PACKAGE_VERSION "1.5.15"
| #define PACKAGE_STRING "libpng 1.5.15"
| #define PACKAGE_BUGREPORT "png-mng-implement@lists.sourceforge.net"
| #define PACKAGE_URL ""
| #define PACKAGE "libpng"
| #define VERSION "1.5.15"
| /* end confdefs.h.  */
| #include <ac_nonexistent.h>
configure:4632: result: gcc -E
configure:4652: gcc -E  conftest.c
configure:4652: $? = 0
configure:4666: gcc -E  conftest.c
conftest.c:11:10: fatal error: ac_nonexistent.h: No such file or directory
   11 | #include <ac_nonexistent.h>
      |          ^~~~~~~~~~~~~~~~~~
compilation terminated.
configure:4666: $? = 1
configure: failed program was:
| /* confdefs.h */
| #define PACKAGE_NAME "libpng"
| #define PACKAGE_TARNAME "libpng"
| #define PACKAGE_VERSION "1.5.15"
| #define PACKAGE_STRING "libpng 1.5.15"
| #define PACKAGE_BUGREPORT "png-mng-implement@lists.sourceforge.net"
| #define PACKAGE_URL ""
| #define PACKAGE "libpng"
| #define VERSION "1.5.15"
| /* end confdefs.h.  */
| #include <ac_nonexistent.h>
configure:4694: checking for a sed that does not truncate output
configure:4758: result: /usr/bin/sed
configure:4767: checking for gawk
configure:4794: result: gawk
configure:4806: checking whether ln -s works
configure:4810: result: yes
configure:4817: checking whether make sets $(MAKE)
configure:4839: result: yes
configure:4890: checking for BSD- or MS-compatible name lister (nm)
configure:4939: result: /usr/bin/nm -B
configure:5069: checking the name lister (/usr/bin/nm -B) interface
configure:5076: gcc -c -g -O2  conftest.c >&5
configure:5079: /usr/bin/nm -B "conftest.o"
configure:5082: output
0000000000000000 B some_variable
configure:5089: result: BSD nm
configure:5093: checking the maximum length of command line arguments
configure:5223: result: 1572864
configure:5240: checking whether the shell understands some XSI constructs
configure:5250: result: yes
configure:5254: checking whether the shell understands "+="
configure:5260: result: yes
configure:5295: checking how to convert x86_64-unknown-linux-gnu file names to x86_64-unknown-linux-gnu format
configure:5335: result: func_convert_file_noop
configure:5342: checking how to convert x86_64-unknown-linux-gnu file names to toolchain format
configure:5362: result: func_convert_file_noop
configure:5369: checking for /usr/bin/ld option to reload object files
configure:5376: result: -r
configure:5450: checking for objdump
configure:5466: found /usr/bin/objdump
configure:5477: result: objdump
configure:5506: checking how to recognize dependent libraries
configure:5708: result: pass_all
configure:5793: checking for dlltool
configure:5823: result: no
configure:5850: checking how to associate runtime and link libraries
configure:5877: result: printf %s\n
configure:5938: checking for ar
configure:5954: found /usr/bin/ar
configure:5965: result: ar
configure:6002: checking for archiver @FILE support
configure:6019: gcc -c -g -O2  conftest.c >&5
configure:6019: $? = 0
configure:6022: ar cru libconftest.a @conftest.lst >&5
ar: `u' modifier ignored since `D' is the default (see `U')
configure:6025: $? = 0
configure:6030: ar cru libconftest.a @conftest.lst >&5
ar: `u' modifier ignored since `D' is the default (see `U')
ar: conftest.o: No such file or directory
configure:6033: $? = 1
configure:6045: result: @
configure:6103: checking for strip
configure:6119: found /usr/bin/strip
configure:6130: result: strip
configure:6202: checking for ranlib
configure:6218: found /usr/bin/ranlib
configure:6229: result: ranlib
configure:6331: checking command to parse /usr/bin/nm -B output from gcc object
configure:6451: gcc -c -g -O2  conftest.c >&5
configure:6454: $? = 0
configure:6458: /usr/bin/nm -B conftest.o \| sed -n -e 's/^.*[ ]\([ABCDGIRSTW][ABCDGIRSTW]*\)[ ][ ]*\([_A-Za-z][_A-Za-z0-9]*\)$/\1 \2 \2/p' | sed '/ __gnu_lto/d' \> conftest.nm
configure:6461: $? = 0
configure:6527: gcc -o conftest -g -O2   conftest.c conftstm.o >&5
configure:6530: $? = 0
configure:6568: result: ok
configure:6605: checking for sysroot
configure:6635: result: no
configure:6712: gcc -c -g -O2  conftest.c >&5
configure:6715: $? = 0
configure:6891: checking for mt
configure:6907: found /usr/bin/mt
configure:6918: result: mt
configure:6941: checking if mt is a manifest tool
configure:6947: mt '-?'
configure:6955: result: no
configure:7593: checking for ANSI C header files
configure:7613: gcc -c -g -O2  conftest.c >&5
configure:7613: $? = 0
configure:7686: gcc -o conftest -g -O2   conftest.c  >&5
configure:7686: $? = 0
configure:7686: ./conftest
configure:7686: $? = 0
configure:7697: result: yes
configure:7710: checking for sys/types.h
configure:7710: gcc -c -g -O2  conftest.c >&5
configure:7710: $? = 0
configure:7710: result: yes
configure:7710: checking for sys/stat.h
configure:7710: gcc -c -g -O2  conftest.c >&5
configure:7710: $? = 0
configure:7710: result: yes
configure:7710: checking for stdlib.h
configure:7710: gcc -c -g -O2  conftest.c >&5
configure:7710: $? = 0
configure:7710: result: yes
configure:7710: checking for string.h
configure:7710: gcc -c -g -O2  conftest.c >&5
configure:7710: $? = 0
configure:7710: result: yes
configure:7710: checking for memory.h
configure:7710: gcc -c -g -O2  conftest.c >&5
configure:7710: $? = 0
configure:7710: result: yes
configure:7710: checking for strings.h
configure:7710: gcc -c -g -O2  conftest.c >&5
configure:7710: $? = 0
configure:7710: result: yes
configure:7710: checking for inttypes.h
configure:7710: gcc -c -g -O2  conftest.c >&5
configure:7710: $? = 0
configure:7710: result: yes
configure:7710: checking for stdint.h
configure:7710: gcc -c -g -O2  conftest.c >&5
configure:7710: $? = 0
configure:7710: result: yes
configure:7710: checking for unistd.h
configure:7710: gcc -c -g -O2  conftest.c >&5
configure:7710: $? = 0
configure:7710: result: yes
configure:7724: checking for dlfcn.h
configure:7724: gcc -c -g -O2  conftest.c >&5
configure:7724: $? = 0
configure:7724: result: yes
configure:8228: checking for objdir
configure:8243: result: .libs
configure:8510: checking if gcc supports -fno-rtti -fno-exceptions
configure:8528: gcc -c -g -O2  -fno-rtti -fno-exceptions conftest.c >&5
cc1: warning: command-line option '-fno-rtti' is valid for C++/D/ObjC++ but not for C
configure:8532: $? = 0
configure:8545: result: no
configure:8872: checking for gcc option to produce PIC
configure:8879: result: -fPIC -DPIC
configure:8887: checking if gcc PIC flag -fPIC -DPIC works
configure:8905: gcc -c -g -O2  -fPIC -DPIC -DPIC conftest.c >&5
configure:8909: $? = 0
configure:8922: result: yes
configure:8951: checking if gcc static flag -static works
configure:8979: result: yes
configure:8994: checking if gcc supports -c -o file.o
configure:9015: gcc -c -g -O2  -o out/conftest2.o conftest.c >&5
configure:9019: $? = 0
configure:9041: result: yes
configure:9049: checking if gcc supports -c -o file.o
configure:9096: result: yes
configure:9129: checking whether the gcc linker (/usr/bin/ld -m elf_x86_64) supports shared libraries
configure:10282: result: yes
configure:10319: checking whether -lc should be explicitly linked in
configure:10327: gcc -c -g -O2  conftest.c >&5
configure:10330: $? = 0
configure:10345: gcc -shared  -fPIC -DPIC conftest.o  -v -Wl,-soname -Wl,conftest -o conftest 2\>\&1 \| /usr/bin/grep  -lc  \>/dev/null 2\>\&1
configure:10348: $? = 0
configure:10362: result: no
configure:10522: checking dynamic linker characteristics
configure:11033: gcc -o conftest -g -O2   -Wl,-rpath -Wl,/foo conftest.c  >&5
configure:11033: $? = 0
configure:11255: result: GNU/Linux ld.so
configure:11362: checking how to hardcode library paths into programs
configure:11387: result: immediate
configure:11927: checking whether stripping libraries is possible
configure:11932: result: yes
configure:11967: checking if libtool supports shared libraries
configure:11969: result: yes
configure:11972: checking whether to build shared libraries
configure:11993: result: yes
configure:11996: checking whether to build static libraries
configure:12000: result: yes
configure:12039: checking for ANSI C header files
configure:12143: result: yes
configure:12154: checking malloc.h usability
configure:12154: gcc -c -g -O2  conftest.c >&5
configure:12154: $? = 0
configure:12154: result: yes
configure:12154: checking malloc.h presence
configure:12154: gcc -E  conftest.c
configure:12154: $? = 0
configure:12154: result: yes
configure:12154: checking for malloc.h
configure:12154: result: yes
configure:12154: checking for stdlib.h
configure:12154: result: yes
configure:12154: checking for string.h
configure:12154: result: yes
configure:12154: checking for strings.h
configure:12154: result: yes
configure:12166: checking for an ANSI C-conforming const
configure:12232: gcc -c -g -O2  conftest.c >&5
configure:12232: $? = 0
configure:12239: result: yes
configure:12247: checking for size_t
configure:12247: gcc -c -g -O2  conftest.c >&5
configure:12247: $? = 0
configure:12247: gcc -c -g -O2  conftest.c >&5
conftest.c: In function 'main':
conftest.c:64:21: error: expected expression before ')' token
   64 | if (sizeof ((size_t)))
      |                     ^
configure:12247: $? = 1
configure: failed program was:
| /* confdefs.h */
| #define PACKAGE_NAME "libpng"
| #define PACKAGE_TARNAME "libpng"
| #define PACKAGE_VERSION "1.5.15"
| #define PACKAGE_STRING "libpng 1.5.15"
| #define PACKAGE_BUGREPORT "png-mng-implement@lists.sourceforge.net"
| #define PACKAGE_URL ""
| #define PACKAGE "libpng"
| #define VERSION "1.5.15"
| #define STDC_HEADERS 1
| #define HAVE_SYS_TYPES_H 1
| #define HAVE_SYS_STAT_H 1
| #define HAVE_STDLIB_H 1
| #define HAVE_STRING_H 1
| #define HAVE_MEMORY_H 1
| #define HAVE_STRINGS_H 1
| #define HAVE_INTTYPES_H 1
| #define HAVE_STDINT_H 1
| #define HAVE_UNISTD_H 1
| #define HAVE_DLFCN_H 1
| #define LT_OBJDIR ".libs/"
| #define STDC_HEADERS 1
| #define HAVE_MALLOC_H 1
| #define HAVE_STDLIB_H 1
| #define HAVE_STRING_H 1
| #define HAVE_STRINGS_H 1
| /* end confdefs.h.  */
| #include <stdio.h>
| #ifdef HAVE_SYS_TYPES_H
| # include <sys/types.h>
| #endif
| #ifdef HAVE_SYS_STAT_H
| # include <sys/stat.h>
| #endif
| #ifdef STDC_HEADERS
| # include <stdlib.h>
| # include <stddef.h>
| #else
| # ifdef HAVE_STDLIB_H
| #  include <stdlib.h>
| # endif
| #endif
| #ifdef HAVE_STRING_H
| # if !defined STDC_HEADERS && defined HAVE_MEMORY_H
| #  include <memory.h>
| # endif
| # include <string.h>
| #endif
| #ifdef HAVE_STRINGS_H
| # include <strings.h>
| #endif
| #ifdef HAVE_INTTYPES_H
| # include <inttypes.h>
| #endif
| #ifdef HAVE_STDINT_H
| # include <stdint.h>
| #endif
| #ifdef HAVE_UNISTD_H
| # include <unistd.h>
| #endif
| int
| main ()
| {
| if (sizeof ((size_t)))
| 	    return 0;
|   ;
|   return 0;
| }
configure:12247: result: yes
configure:12258: checking whether struct tm is in sys/time.h or time.h
configure:12278: gcc -c -g -O2  conftest.c >&5
configure:12278: $? = 0
configure:12285: result: time.h
configure:12293: checking for C/C++ restrict keyword
configure:12318: gcc -c -g -O2  conftest.c >&5
configure:12318: $? = 0
configure:12326: result: __restrict
configure:12346: checking for working strtod
configure:12387: gcc -o conftest -g -O2   conftest.c  >&5
configure:12387: $? = 0
configure:12387: ./conftest
configure:12387: $? = 0
configure:12397: result: yes
configure:12461: checking for memset
configure:12461: gcc -o conftest -g -O2   conftest.c  >&5
conftest.c:52:6: warning: conflicting types for built-in function 'memset'; expected 'void *(void *, int,  long unsigned int)' [-Wbuiltin-declaration-mismatch]
   52 | char memset ();
      |      ^~~~~~
conftest.c:40:1: note: 'memset' is declared in header '<string.h>'
   39 | # include <limits.h>
   40 | #else
configure:12461: $? = 0
configure:12461: result: yes
configure:12474: checking for pow
configure:12474: gcc -o conftest -g -O2   conftest.c  >&5
conftest.c:53:6: warning: conflicting types for built-in function 'pow'; expected 'double(double,  double)' [-Wbuiltin-declaration-mismatch]
   53 | char pow ();
      |      ^~~
conftest.c:41:1: note: 'pow' is declared in header '<math.h>'
   40 | # include <limits.h>
   41 | #else
/usr/bin/ld: /tmp/ccuEHfbQ.o: in function `main':
/media/m7/W/Projects/Git/uvfx/Ubuntu/VFXP-2023/prereqs/libpng01.5.15/libpng-1.5.15/conftest.c:64:(.text.startup+0xb): undefined reference to `pow'
collect2: error: ld returned 1 exit status
configure:12474: $? = 1
configure: failed program was:
| /* confdefs.h */
| #define PACKAGE_NAME "libpng"
| #define PACKAGE_TARNAME "libpng"
| #define PACKAGE_VERSION "1.5.15"
| #define PACKAGE_STRING "libpng 1.5.15"
| #define PACKAGE_BUGREPORT "png-mng-implement@lists.sourceforge.net"
| #define PACKAGE_URL ""
| #define PACKAGE "libpng"
| #define VERSION "1.5.15"
| #define STDC_HEADERS 1
| #define HAVE_SYS_TYPES_H 1
| #define HAVE_SYS_STAT_H 1
| #define HAVE_STDLIB_H 1
| #define HAVE_STRING_H 1
| #define HAVE_MEMORY_H 1
| #define HAVE_STRINGS_H 1
| #define HAVE_INTTYPES_H 1
| #define HAVE_STDINT_H 1
| #define HAVE_UNISTD_H 1
| #define HAVE_DLFCN_H 1
| #define LT_OBJDIR ".libs/"
| #define STDC_HEADERS 1
| #define HAVE_MALLOC_H 1
| #define HAVE_STDLIB_H 1
| #define HAVE_STRING_H 1
| #define HAVE_STRINGS_H 1
| #define restrict __restrict
| #define HAVE_MEMSET 1
| /* end confdefs.h.  */
| /* Define pow to an innocuous variant, in case <limits.h> declares pow.
|    For example, HP-UX 11i <limits.h> declares gettimeofday.  */
| #define pow innocuous_pow
| 
| /* System header to define __stub macros and hopefully few prototypes,
|     which can conflict with char pow (); below.
|     Prefer <limits.h> to <assert.h> if __STDC__ is defined, since
|     <limits.h> exists even on freestanding compilers.  */
| 
| #ifdef __STDC__
| # include <limits.h>
| #else
| # include <assert.h>
| #endif
| 
| #undef pow
| 
| /* Override any GCC internal prototype to avoid an error.
|    Use char because int might match the return type of a GCC
|    builtin and then its argument prototype would still apply.  */
| #ifdef __cplusplus
| extern "C"
| #endif
| char pow ();
| /* The GNU C library defines this for functions which it implements
|     to always fail with ENOSYS.  Some functions are actually named
|     something starting with __ and the normal name is an alias.  */
| #if defined __stub_pow || defined __stub___pow
| choke me
| #endif
| 
| int
| main ()
| {
| return pow ();
|   ;
|   return 0;
| }
configure:12474: result: no
configure:12481: checking for pow in -lm
configure:12506: gcc -o conftest -g -O2   conftest.c -lm   >&5
conftest.c:37:6: warning: conflicting types for built-in function 'pow'; expected 'double(double,  double)' [-Wbuiltin-declaration-mismatch]
   37 | char pow ();
      |      ^~~
conftest.c:1:1: note: 'pow' is declared in header '<math.h>'
    1 | /* confdefs.h */
configure:12506: $? = 0
configure:12515: result: yes
configure:12539: checking for zlibVersion in -lz
configure:12564: gcc -o conftest -g -O2   conftest.c -lz  -lm  >&5
configure:12564: $? = 0
configure:12573: result: yes
configure:12638: checking for feenableexcept in -lm
configure:12663: gcc -o conftest -g -O2   conftest.c -lm  -lz -lm  >&5
configure:12663: $? = 0
configure:12672: result: yes
configure:12685: checking for feenableexcept
configure:12685: gcc -o conftest -g -O2   conftest.c -lm -lz -lm  >&5
configure:12685: $? = 0
configure:12685: result: yes
configure:12699: checking if using Solaris linker
configure:12708: result: no
configure:12720: checking if libraries can be versioned
configure:12741: result: yes
configure:12763: checking for symbol prefix
configure:12770: result: 
configure:12792: pkgconfig directory is ${libdir}/pkgconfig
configure:12851: Extra options for compiler: 
configure:12961: checking that generated files are newer than configure
configure:12967: result: done
configure:13010: creating ./config.status

## ---------------------- ##
## Running config.status. ##
## ---------------------- ##

This file was extended by libpng config.status 1.5.15, which was
generated by GNU Autoconf 2.69.  Invocation command line was

  CONFIG_FILES    = 
  CONFIG_HEADERS  = 
  CONFIG_LINKS    = 
  CONFIG_COMMANDS = 
  $ ./config.status 

on Z-OS

config.status:1120: creating Makefile
config.status:1120: creating libpng.pc
config.status:1120: creating libpng-config
config.status:1120: creating config.h
config.status:1349: executing depfiles commands
config.status:1349: executing libtool commands

## ---------------- ##
## Cache variables. ##
## ---------------- ##

ac_cv_build=x86_64-unknown-linux-gnu
ac_cv_c_compiler_gnu=yes
ac_cv_c_const=yes
ac_cv_c_restrict=__restrict
ac_cv_env_CCASFLAGS_set=
ac_cv_env_CCASFLAGS_value=
ac_cv_env_CCAS_set=
ac_cv_env_CCAS_value=
ac_cv_env_CC_set=
ac_cv_env_CC_value=
ac_cv_env_CFLAGS_set=
ac_cv_env_CFLAGS_value=
ac_cv_env_CPPFLAGS_set=
ac_cv_env_CPPFLAGS_value=
ac_cv_env_CPP_set=
ac_cv_env_CPP_value=
ac_cv_env_LDFLAGS_set=
ac_cv_env_LDFLAGS_value=
ac_cv_env_LIBS_set=
ac_cv_env_LIBS_value=
ac_cv_env_build_alias_set=
ac_cv_env_build_alias_value=
ac_cv_env_host_alias_set=
ac_cv_env_host_alias_value=
ac_cv_env_target_alias_set=
ac_cv_env_target_alias_value=
ac_cv_func_feenableexcept=yes
ac_cv_func_memset=yes
ac_cv_func_pow=no
ac_cv_func_strtod=yes
ac_cv_header_dlfcn_h=yes
ac_cv_header_inttypes_h=yes
ac_cv_header_malloc_h=yes
ac_cv_header_memory_h=yes
ac_cv_header_stdc=yes
ac_cv_header_stdint_h=yes
ac_cv_header_stdlib_h=yes
ac_cv_header_string_h=yes
ac_cv_header_strings_h=yes
ac_cv_header_sys_stat_h=yes
ac_cv_header_sys_types_h=yes
ac_cv_header_unistd_h=yes
ac_cv_host=x86_64-unknown-linux-gnu
ac_cv_lib_m_feenableexcept=yes
ac_cv_lib_m_pow=yes
ac_cv_lib_z_zlibVersion=yes
ac_cv_objext=o
ac_cv_path_EGREP='/usr/bin/grep -E'
ac_cv_path_FGREP='/usr/bin/grep -F'
ac_cv_path_GREP=/usr/bin/grep
ac_cv_path_SED=/usr/bin/sed
ac_cv_path_install='/usr/bin/install -c'
ac_cv_path_mkdir=/usr/bin/mkdir
ac_cv_prog_AWK=gawk
ac_cv_prog_CPP='gcc -E'
ac_cv_prog_ac_ct_AR=ar
ac_cv_prog_ac_ct_CC=gcc
ac_cv_prog_ac_ct_MANIFEST_TOOL=mt
ac_cv_prog_ac_ct_OBJDUMP=objdump
ac_cv_prog_ac_ct_RANLIB=ranlib
ac_cv_prog_ac_ct_STRIP=strip
ac_cv_prog_cc_c89=
ac_cv_prog_cc_g=yes
ac_cv_prog_make_make_set=yes
ac_cv_struct_tm=time.h
ac_cv_type_size_t=yes
am_cv_CCAS_dependencies_compiler_type=gcc3
am_cv_CC_dependencies_compiler_type=gcc3
am_cv_make_support_nested_variables=yes
lt_cv_ar_at_file=@
lt_cv_archive_cmds_need_lc=no
lt_cv_deplibs_check_method=pass_all
lt_cv_file_magic_cmd='$MAGIC_CMD'
lt_cv_file_magic_test_file=
lt_cv_ld_reload_flag=-r
lt_cv_nm_interface='BSD nm'
lt_cv_objdir=.libs
lt_cv_path_LD=/usr/bin/ld
lt_cv_path_NM='/usr/bin/nm -B'
lt_cv_path_mainfest_tool=no
lt_cv_prog_compiler_c_o=yes
lt_cv_prog_compiler_pic='-fPIC -DPIC'
lt_cv_prog_compiler_pic_works=yes
lt_cv_prog_compiler_rtti_exceptions=no
lt_cv_prog_compiler_static_works=yes
lt_cv_prog_gnu_ld=yes
lt_cv_sharedlib_from_linklib_cmd='printf %s\n'
lt_cv_shlibpath_overrides_runpath=yes
lt_cv_sys_global_symbol_pipe='sed -n -e '\''s/^.*[	 ]\([ABCDGIRSTW][ABCDGIRSTW]*\)[	 ][	 ]*\([_A-Za-z][_A-Za-z0-9]*\)$/\1 \2 \2/p'\'' | sed '\''/ __gnu_lto/d'\'''
lt_cv_sys_global_symbol_to_c_name_address='sed -n -e '\''s/^: \([^ ]*\)[ ]*$/  {\"\1\", (void *) 0},/p'\'' -e '\''s/^[ABCDGIRSTW]* \([^ ]*\) \([^ ]*\)$/  {"\2", (void *) \&\2},/p'\'''
lt_cv_sys_global_symbol_to_c_name_address_lib_prefix='sed -n -e '\''s/^: \([^ ]*\)[ ]*$/  {\"\1\", (void *) 0},/p'\'' -e '\''s/^[ABCDGIRSTW]* \([^ ]*\) \(lib[^ ]*\)$/  {"\2", (void *) \&\2},/p'\'' -e '\''s/^[ABCDGIRSTW]* \([^ ]*\) \([^ ]*\)$/  {"lib\2", (void *) \&\2},/p'\'''
lt_cv_sys_global_symbol_to_cdecl='sed -n -e '\''s/^T .* \(.*\)$/extern int \1();/p'\'' -e '\''s/^[ABCDGIRSTW]* .* \(.*\)$/extern char \1;/p'\'''
lt_cv_sys_max_cmd_len=1572864
lt_cv_to_host_file_cmd=func_convert_file_noop
lt_cv_to_tool_file_cmd=func_convert_file_noop

## ----------------- ##
## Output variables. ##
## ----------------- ##

ACLOCAL='${SHELL} /media/m7/W/Projects/Git/uvfx/Ubuntu/VFXP-2023/prereqs/libpng01.5.15/libpng-1.5.15/missing aclocal-1.13'
AMDEPBACKSLASH='\'
AMDEP_FALSE='#'
AMDEP_TRUE=''
AMTAR='$${TAR-tar}'
AM_BACKSLASH='\'
AM_CCASFLAGS='-Wa,--noexecstack'
AM_DEFAULT_V='$(AM_DEFAULT_VERBOSITY)'
AM_DEFAULT_VERBOSITY='1'
AM_V='$(V)'
AR='ar'
AS='as'
AUTOCONF='${SHELL} /media/m7/W/Projects/Git/uvfx/Ubuntu/VFXP-2023/prereqs/libpng01.5.15/libpng-1.5.15/missing autoconf'
AUTOHEADER='${SHELL} /media/m7/W/Projects/Git/uvfx/Ubuntu/VFXP-2023/prereqs/libpng01.5.15/libpng-1.5.15/missing autoheader'
AUTOMAKE='${SHELL} /media/m7/W/Projects/Git/uvfx/Ubuntu/VFXP-2023/prereqs/libpng01.5.15/libpng-1.5.15/missing automake-1.13'
AWK='gawk'
CC='gcc'
CCAS='gcc'
CCASDEPMODE='depmode=gcc3'
CCASFLAGS='-g -O2'
CCDEPMODE='depmode=gcc3'
CFLAGS='-g -O2'
CPP='gcc -E'
CPPFLAGS=''
CYGPATH_W='echo'
DEFS='-DHAVE_CONFIG_H'
DEPDIR='.deps'
DFNCPP='gcc -E'
DLLTOOL='false'
DSYMUTIL=''
DUMPBIN=''
ECHO_C=''
ECHO_N='-n'
ECHO_T=''
EGREP='/usr/bin/grep -E'
EXEEXT=''
FGREP='/usr/bin/grep -F'
GREP='/usr/bin/grep'
HAVE_LD_VERSION_SCRIPT_FALSE='#'
HAVE_LD_VERSION_SCRIPT_TRUE=''
HAVE_SOLARIS_LD_FALSE=''
HAVE_SOLARIS_LD_TRUE='#'
INSTALL_DATA='${INSTALL} -m 644'
INSTALL_PROGRAM='${INSTALL}'
INSTALL_SCRIPT='${INSTALL}'
INSTALL_STRIP_PROGRAM='$(install_sh) -c -s'
LD='/usr/bin/ld -m elf_x86_64'
LDFLAGS=''
LIBOBJS=''
LIBPNG_DEFINES='-DPNG_CONFIGURE_LIBPNG'
LIBS='-lm -lz -lm '
LIBTOOL='$(SHELL) $(top_builddir)/libtool'
LIPO=''
LN_S='ln -s'
LTLIBOBJS=''
MAINT='#'
MAINTAINER_MODE_FALSE=''
MAINTAINER_MODE_TRUE='#'
MAKEINFO='${SHELL} /media/m7/W/Projects/Git/uvfx/Ubuntu/VFXP-2023/prereqs/libpng01.5.15/libpng-1.5.15/missing makeinfo'
MANIFEST_TOOL=':'
MKDIR_P='/usr/bin/mkdir -p'
NM='/usr/bin/nm -B'
NMEDIT=''
OBJDUMP='objdump'
OBJEXT='o'
OTOOL64=''
OTOOL=''
PACKAGE='libpng'
PACKAGE_BUGREPORT='png-mng-implement@lists.sourceforge.net'
PACKAGE_NAME='libpng'
PACKAGE_STRING='libpng 1.5.15'
PACKAGE_TARNAME='libpng'
PACKAGE_URL=''
PACKAGE_VERSION='1.5.15'
PATH_SEPARATOR=':'
PNGLIB_MAJOR='1'
PNGLIB_MINOR='5'
PNGLIB_RELEASE='15'
PNGLIB_VERSION='1.5.15'
PNG_ARM_NEON_FALSE=''
PNG_ARM_NEON_TRUE='#'
POW_LIB=''
RANLIB='ranlib'
SED='/usr/bin/sed'
SET_MAKE=''
SHELL='/bin/bash'
STRIP='strip'
SYMBOL_PREFIX=''
VERSION='1.5.15'
ac_ct_AR='ar'
ac_ct_CC='gcc'
ac_ct_DUMPBIN=''
am__EXEEXT_FALSE=''
am__EXEEXT_TRUE='#'
am__fastdepCCAS_FALSE='#'
am__fastdepCCAS_TRUE=''
am__fastdepCC_FALSE='#'
am__fastdepCC_TRUE=''
am__include='include'
am__isrc=''
am__leading_dot='.'
am__nodep='_no'
am__quote=''
am__tar='$${TAR-tar} chof - "$$tardir"'
am__untar='$${TAR-tar} xf -'
binconfigs='${binconfigs}'
bindir='${exec_prefix}/bin'
build='x86_64-unknown-linux-gnu'
build_alias=''
build_cpu='x86_64'
build_os='linux-gnu'
build_vendor='unknown'
datadir='${datarootdir}'
datarootdir='${prefix}/share'
docdir='${datarootdir}/doc/${PACKAGE_TARNAME}'
dvidir='${docdir}'
exec_prefix='${prefix}'
host='x86_64-unknown-linux-gnu'
host_alias=''
host_cpu='x86_64'
host_os='linux-gnu'
host_vendor='unknown'
htmldir='${docdir}'
includedir='${prefix}/include'
infodir='${datarootdir}/info'
install_sh='${SHELL} /media/m7/W/Projects/Git/uvfx/Ubuntu/VFXP-2023/prereqs/libpng01.5.15/libpng-1.5.15/install-sh'
libdir='${exec_prefix}/lib'
libexecdir='${exec_prefix}/libexec'
localedir='${datarootdir}/locale'
localstatedir='${prefix}/var'
mandir='${datarootdir}/man'
mkdir_p='$(MKDIR_P)'
oldincludedir='/usr/include'
pdfdir='${docdir}'
pkgconfigdir='${libdir}/pkgconfig'
prefix='/usr/local/libpng'
program_transform_name='s,x,x,'
psdir='${docdir}'
sbindir='${exec_prefix}/sbin'
sharedstatedir='${prefix}/com'
sysconfdir='${prefix}/etc'
target_alias=''

## ----------- ##
## confdefs.h. ##
## ----------- ##

/* confdefs.h */
#define PACKAGE_NAME "libpng"
#define PACKAGE_TARNAME "libpng"
#define PACKAGE_VERSION "1.5.15"
#define PACKAGE_STRING "libpng 1.5.15"
#define PACKAGE_BUGREPORT "png-mng-implement@lists.sourceforge.net"
#define PACKAGE_URL ""
#define PACKAGE "libpng"
#define VERSION "1.5.15"
#define STDC_HEADERS 1
#define HAVE_SYS_TYPES_H 1
#define HAVE_SYS_STAT_H 1
#define HAVE_STDLIB_H 1
#define HAVE_STRING_H 1
#define HAVE_MEMORY_H 1
#define HAVE_STRINGS_H 1
#define HAVE_INTTYPES_H 1
#define HAVE_STDINT_H 1
#define HAVE_UNISTD_H 1
#define HAVE_DLFCN_H 1
#define LT_OBJDIR ".libs/"
#define STDC_HEADERS 1
#define HAVE_MALLOC_H 1
#define HAVE_STDLIB_H 1
#define HAVE_STRING_H 1
#define HAVE_STRINGS_H 1
#define restrict __restrict
#define HAVE_MEMSET 1
#define HAVE_LIBM 1
#define HAVE_LIBZ 1
#define HAVE_LIBM 1
#define HAVE_FEENABLEEXCEPT 1

configure: exit 0
